// Jest Snapshot v1, https://goo.gl/fbAQLP

exports[`matches snapshot 1`] = `
<div
  className="App"
>
  <BrowserRouter>
    <h1
      className="page-title"
    >
      The Hieroglyphic Origins of the Greek and Latin Alphabets
    </h1>
    <div
      className="link-container"
    >
      <Link
        to="/"
      >
        Home
      </Link>
      <Link
        to="/write"
      >
        Write in Hieroglyphics and Phoenician
      </Link>
    </div>
    <Switch>
      <Route
        exact={true}
        path="/write"
      >
        <Connect(WriteHieroglyphicsTemplate) />
      </Route>
      <Route
        exact={true}
        path="/"
      >
        <Connect(EtymologyPageTemplate) />
      </Route>
      <Route
        exact={true}
        path="/hieroglyphics/:id"
      >
        <Connect(EtymologyPageTemplate) />
      </Route>
      <Route
        path="*"
      >
        <Connect(EtymologyPageTemplate) />
      </Route>
    </Switch>
    <p
      className="etymology-info"
    >
      Information taken from 
      <a
        href="https://en.wikipedia.org/wiki/Phoenician_alphabet"
        rel="noreferrer"
        target="_blank"
      >
         Wikipedia's Phoenician Alphabet
      </a>
       page
    </p>
  </BrowserRouter>
</div>
`;
